Aula_2.2 $ touch .gitignore
Aula_2.2 $ ls -la
total 32
drwxrwxr-x 2 jp jp 4096 jul 19 12:47 .
drwxrwxr-x 4 jp jp 4096 jul 19 11:44 ..
-rw-rw-r-- 1 jp jp   47 jul 19 12:34 Bebidas.txt
-rw-rw-r-- 1 jp jp    0 jul 19 12:47 .gitignore
-rw-rw-r-- 1 jp jp 3919 jul 19 12:37 git_log.txt
-rw-rw-r-- 1 jp jp 3506 jul 19 12:45 git_remove.txt
-rw-rw-r-- 1 jp jp   49 jul 19 12:34 pizzas.txt
-rw-rw-r-- 1 jp jp   38 jul 19 11:45 README.md
-rw-rw-r-- 1 jp jp   17 jul 19 12:43 sobremesas.txt
Aula_2.2 $ 















Aula_2.2 $ git status
On branch master
Untracked files:
  (use "git add <file>..." to include in what will be committed)
	.gitignore
	git_remove.txt

nothing added to commit but untracked files present (use "git add" to track)
Aula_2.2 $ git add git_remove.txt
Aula_2.2 $ git commit -m "Adiciona git_remove.txt"
[master 8fdbbee] Adiciona git_remove.txt
 1 file changed, 112 insertions(+)
 create mode 100644 "M\303\263dulo_1/Bloco_02/Aula_2.2/git_remove.txt"
Aula_2.2 $ cat > .gitignore
*.txt
Aula_2.2 $ git status
On branch master
Untracked files:
  (use "git add <file>..." to include in what will be committed)
	.gitignore

nothing added to commit but untracked files present (use "git add" to track)
Aula_2.2 $ git add .gitignore
Aula_2.2 $ git commit -m "Remove arquivo .txt"
[master 4487368] Remove arquivo .txt
 1 file changed, 1 insertion(+)
 create mode 100644 "M\303\263dulo_1/Bloco_02/Aula_2.2/.gitignore"
Aula_2.2 $ git status
On branch master
nothing to commit, working tree clean
Aula_2.2 $ ls -la
total 36
drwxrwxr-x 2 jp jp 4096 jul 19 12:47 .
drwxrwxr-x 4 jp jp 4096 jul 19 11:44 ..
-rw-rw-r-- 1 jp jp   47 jul 19 12:34 Bebidas.txt
-rw-rw-r-- 1 jp jp    6 jul 19 12:49 .gitignore
-rw-rw-r-- 1 jp jp 3919 jul 19 12:37 git_log.txt
-rw-rw-r-- 1 jp jp 3506 jul 19 12:45 git_remove.txt
-rw-rw-r-- 1 jp jp   49 jul 19 12:34 pizzas.txt
-rw-rw-r-- 1 jp jp   38 jul 19 11:45 README.md
-rw-rw-r-- 1 jp jp   17 jul 19 12:43 sobremesas.txt
Aula_2.2 $ ls
Bebidas.txt  git_log.txt  git_remove.txt  pizzas.txt  README.md  sobremesas.txt
Aula_2.2 $ cat >> .gitignore
pizzas.txt
Aula_2.2 $ git status
On branch master
Changes not staged for commit:
  (use "git add <file>..." to update what will be committed)
  (use "git restore <file>..." to discard changes in working directory)
	modified:   .gitignore

no changes added to commit (use "git add" and/or "git commit -a")
Aula_2.2 $ mkdir relatorios
Aula_2.2 $ ls
Bebidas.txt  git_log.txt  git_remove.txt  pizzas.txt  README.md  relatorios  sobremesas.txt
Aula_2.2 $ cat >> .gitignore
relatorios/
Aula_2.2 $ git status
On branch master
Changes not staged for commit:
  (use "git add <file>..." to update what will be committed)
  (use "git restore <file>..." to discard changes in working directory)
	modified:   .gitignore

no changes added to commit (use "git add" and/or "git commit -a")
Aula_2.2 $ git add .gitignore
Aula_2.2 $ git commit -m "Ignora o diretório relatorios"
[master 4026940] Ignora o diretório relatorios
 1 file changed, 2 insertions(+)
Aula_2.2 $ cat >> .gitignore
# Created by https://www.toptal.com/developers/gitignore/api/visualstudiocode
# Edit at https://www.toptal.com/developers/gitignore?templates=visualstudiocode

### VisualStudioCode ###
.vscode/*
!.vscode/settings.json
!.vscode/tasks.json
!.vscode/launch.json
!.vscode/extensions.json
*.code-workspace

# Local History for Visual Studio Code
.history/

### VisualStudioCode Patch ###
# Ignore all local history of files
.history
.ionide

# End of https://www.toptal.com/developers/gitignore/api/visualstudiocode
Aula_2.2 $ cat .gitignore 
*.txt
pizzas.txt
relatorios/
# Created by https://www.toptal.com/developers/gitignore/api/visualstudiocode
# Edit at https://www.toptal.com/developers/gitignore?templates=visualstudiocode

### VisualStudioCode ###
.vscode/*
!.vscode/settings.json
!.vscode/tasks.json
!.vscode/launch.json
!.vscode/extensions.json
*.code-workspace

# Local History for Visual Studio Code
.history/

### VisualStudioCode Patch ###
# Ignore all local history of files
.history
.ionide

# End of https://www.toptal.com/developers/gitignore/api/visualstudiocode
